#
# There is insufficient memory for the Java Runtime Environment to continue.
# Native memory allocation (mmap) failed to map 425721856 bytes for G1 virtual space
# Possible reasons:
#   The system is out of physical RAM or swap space
#   The process is running with CompressedOops enabled, and the Java Heap may be blocking the growth of the native heap
# Possible solutions:
#   Reduce memory load on the system
#   Increase physical memory or swap space
#   Check if swap backing store is full
#   Decrease Java heap size (-Xmx/-Xms)
#   Decrease number of Java threads
#   Decrease Java thread stack sizes (-Xss)
#   Set larger code cache with -XX:ReservedCodeCacheSize=
#   JVM is running with Zero Based Compressed Oops mode in which the Java heap is
#     placed in the first 32GB address space. The Java Heap base address is the
#     maximum limit for the native heap growth. Please use -XX:HeapBaseMinAddress
#     to set the Java Heap base and to place the Java Heap above 32GB virtual address.
# This output file may be truncated or incomplete.
#
#  Out of Memory Error (os_windows.cpp:3550), pid=1272, tid=11576
#
# JRE version: Java(TM) SE Runtime Environment (17.0.6+9) (build 17.0.6+9-LTS-190)
# Java VM: Java HotSpot(TM) 64-Bit Server VM (17.0.6+9-LTS-190, mixed mode, sharing, tiered, compressed oops, compressed class ptrs, g1 gc, windows-amd64)
# No core dump will be written. Minidumps are not enabled by default on client versions of Windows
#

---------------  S U M M A R Y ------------

Command Line: --add-opens=java.base/java.util=ALL-UNNAMED --add-opens=java.base/java.lang=ALL-UNNAMED --add-opens=java.base/java.lang.invoke=ALL-UNNAMED --add-opens=java.prefs/java.util.prefs=ALL-UNNAMED --add-opens=java.base/java.nio.charset=ALL-UNNAMED --add-opens=java.base/java.net=ALL-UNNAMED --add-opens=java.base/java.util.concurrent.atomic=ALL-UNNAMED -Xmx4G -Dfile.encoding=GBK -Duser.country=CN -Duser.language=zh -Duser.variant org.gradle.launcher.daemon.bootstrap.GradleDaemon 8.0.1

Host: 11th Gen Intel(R) Core(TM) i3-1115G4 @ 3.00GHz, 4 cores, 7G,  Windows 11 , 64 bit Build 22000 (10.0.22000.434)
Time: Wed May  1 20:36:48 2024  Windows 11 , 64 bit Build 22000 (10.0.22000.434) elapsed time: 26651.322870 seconds (0d 7h 24m 11s)

---------------  T H R E A D  ---------------

Current thread (0x00000000250761f0):  VMThread "VM Thread" [stack: 0x0000000025c00000,0x0000000025d00000] [id=11576]

Stack: [0x0000000025c00000,0x0000000025d00000]
Native frames: (J=compiled Java code, j=interpreted, Vv=VM code, C=native code)
V  [jvm.dll+0x6734ea]
V  [jvm.dll+0x7d18f4]
V  [jvm.dll+0x7d309e]
V  [jvm.dll+0x7d3703]
V  [jvm.dll+0x2433c5]
V  [jvm.dll+0x6703f9]
V  [jvm.dll+0x664d32]
V  [jvm.dll+0x300086]
V  [jvm.dll+0x307606]
V  [jvm.dll+0x356c1e]
V  [jvm.dll+0x356e4f]
V  [jvm.dll+0x2d72e8]
V  [jvm.dll+0x2d57e5]
V  [jvm.dll+0x2d4dec]
V  [jvm.dll+0x31837b]
V  [jvm.dll+0x7d7f0b]
V  [jvm.dll+0x7d8c44]
V  [jvm.dll+0x7d915d]
V  [jvm.dll+0x7d9534]
V  [jvm.dll+0x7d9600]
V  [jvm.dll+0x781a7a]
V  [jvm.dll+0x672375]
C  [ucrtbase.dll+0x26c0c]
C  [KERNEL32.DLL+0x154e0]
C  [ntdll.dll+0x485b]

VM_Operation (0x0000000036cf81c0): G1CollectForAllocation, mode: safepoint, requested by thread 0x0000000033d51d50


---------------  P R O C E S S  ---------------

Threads class SMR info:
_java_thread_list=0x0000000028ad6420, length=93, elements={
0x000000000281d000, 0x000000002507b0c0, 0x000000002507bc70, 0x0000000025098910,
0x000000002509b3d0, 0x000000002509dd90, 0x000000002509ed50, 0x000000002509fae0,
0x00000000250a8590, 0x00000000250ac890, 0x00000000266cfd30, 0x00000000266d4210,
0x0000000028710010, 0x0000000027e46b10, 0x000000002812c050, 0x00000000283e6550,
0x00000000283e6080, 0x00000000283e6a20, 0x00000000283e73c0, 0x00000000283e8230,
0x00000000283e8bd0, 0x00000000283e9a40, 0x00000000283e9570, 0x00000000283e7890,
0x00000000298254f0, 0x0000000029826360, 0x0000000028c635e0, 0x0000000028c66fa0,
0x0000000033d50a10, 0x0000000033d53560, 0x00000000337e0640, 0x00000000337dee30,
0x00000000337df300, 0x00000000337dd620, 0x00000000337db470, 0x00000000337db940,
0x00000000337df7d0, 0x00000000337e0fe0, 0x00000000337dbe10, 0x0000000034345ae0,
0x0000000034345140, 0x00000000337e0b10, 0x0000000034344c70, 0x0000000034345fb0,
0x0000000034345610, 0x00000000343447a0, 0x000000002c2776c0, 0x000000002c275040,
0x000000002c2759e0, 0x000000002c277b90, 0x000000002c278530, 0x000000002c278060,
0x000000002c278a00, 0x000000002c275510, 0x000000002c276380, 0x000000002c275eb0,
0x000000002c276850, 0x000000002c276d20, 0x000000002c2771f0, 0x0000000037ba3e00,
0x0000000037ba42d0, 0x0000000037ba6480, 0x00000000337dc2e0, 0x00000000337de960,
0x00000000337dfca0, 0x00000000337de490, 0x0000000037ba5610, 0x0000000037ba5ae0,
0x0000000037ba5140, 0x0000000037ba47a0, 0x0000000037ba4c70, 0x0000000037ba3460,
0x0000000037ba5fb0, 0x0000000037ba3930, 0x000000002c3c7a20, 0x00000000337e14b0,
0x00000000337ddfc0, 0x00000000337dcc80, 0x00000000337dd150, 0x00000000337dc7b0,
0x00000000337ddaf0, 0x00000000337e0170, 0x00000000337e1980, 0x0000000037ba2ac0,
0x0000000033d51d50, 0x000000002c3c6210, 0x000000002c3c4060, 0x000000002c3c66e0,
0x00000000337dafa0, 0x00000000337e1e50, 0x00000000337daad0, 0x000000002d588e20,
0x000000002d584f90
}

Java Threads: ( => current thread )
  0x000000000281d000 JavaThread "main" [_thread_blocked, id=480, stack(0x0000000001f00000,0x0000000002000000)]
  0x000000002507b0c0 JavaThread "Reference Handler" daemon [_thread_blocked, id=3452, stack(0x0000000025d00000,0x0000000025e00000)]
  0x000000002507bc70 JavaThread "Finalizer" daemon [_thread_blocked, id=3536, stack(0x0000000025e00000,0x0000000025f00000)]
  0x0000000025098910 JavaThread "Signal Dispatcher" daemon [_thread_blocked, id=11552, stack(0x0000000025f00000,0x0000000026000000)]
  0x000000002509b3d0 JavaThread "Attach Listener" daemon [_thread_blocked, id=10864, stack(0x0000000026000000,0x0000000026100000)]
  0x000000002509dd90 JavaThread "Service Thread" daemon [_thread_blocked, id=12008, stack(0x0000000026100000,0x0000000026200000)]
  0x000000002509ed50 JavaThread "Monitor Deflation Thread" daemon [_thread_blocked, id=6032, stack(0x0000000026200000,0x0000000026300000)]
  0x000000002509fae0 JavaThread "C2 CompilerThread0" daemon [_thread_blocked, id=11800, stack(0x0000000026300000,0x0000000026400000)]
  0x00000000250a8590 JavaThread "C1 CompilerThread0" daemon [_thread_blocked, id=8368, stack(0x0000000026400000,0x0000000026500000)]
  0x00000000250ac890 JavaThread "Sweeper thread" daemon [_thread_blocked, id=4836, stack(0x0000000026500000,0x0000000026600000)]
  0x00000000266cfd30 JavaThread "Common-Cleaner" daemon [_thread_blocked, id=4216, stack(0x0000000026a00000,0x0000000026b00000)]
  0x00000000266d4210 JavaThread "Notification Thread" daemon [_thread_blocked, id=6924, stack(0x0000000026b00000,0x0000000026c00000)]
  0x0000000028710010 JavaThread "Daemon health stats" [_thread_blocked, id=11632, stack(0x0000000026d00000,0x0000000026e00000)]
  0x0000000027e46b10 JavaThread "Incoming local TCP Connector on port 2158" [_thread_in_native, id=6712, stack(0x0000000029ce0000,0x0000000029de0000)]
  0x000000002812c050 JavaThread "Daemon periodic checks" [_thread_blocked, id=11820, stack(0x0000000029de0000,0x0000000029ee0000)]
  0x00000000283e6550 JavaThread "Cache worker for journal cache (D:\gradle-7.4.2\caches\journal-1)" [_thread_blocked, id=9572, stack(0x000000002ae00000,0x000000002af00000)]
  0x00000000283e6080 JavaThread "File lock request listener" [_thread_in_native, id=8440, stack(0x000000002af00000,0x000000002b000000)]
  0x00000000283e6a20 JavaThread "Cache worker for file hash cache (D:\gradle-7.4.2\caches\8.0.1\fileHashes)" [_thread_blocked, id=10008, stack(0x000000002b000000,0x000000002b100000)]
  0x00000000283e73c0 JavaThread "File watcher server" daemon [_thread_blocked, id=2648, stack(0x000000002b200000,0x000000002b300000)]
  0x00000000283e8230 JavaThread "File watcher consumer" daemon [_thread_blocked, id=10636, stack(0x000000002b300000,0x000000002b400000)]
  0x00000000283e8bd0 JavaThread "Cache worker for file content cache (D:\gradle-7.4.2\caches\8.0.1\fileContent)" [_thread_blocked, id=8856, stack(0x000000002de00000,0x000000002df00000)]
  0x00000000283e9a40 JavaThread "Cache worker for execution history cache (D:\gradle-7.4.2\caches\8.0.1\executionHistory)" [_thread_blocked, id=4952, stack(0x000000002e2f0000,0x000000002e3f0000)]
  0x00000000283e9570 JavaThread "jar transforms" [_thread_blocked, id=11316, stack(0x000000002e3f0000,0x000000002e4f0000)]
  0x00000000283e7890 JavaThread "jar transforms Thread 2" [_thread_blocked, id=11940, stack(0x000000002e4f0000,0x000000002e5f0000)]
  0x00000000298254f0 JavaThread "jar transforms Thread 3" [_thread_blocked, id=5276, stack(0x000000002e5f0000,0x000000002e6f0000)]
  0x0000000029826360 JavaThread "jar transforms Thread 4" [_thread_blocked, id=3156, stack(0x000000002e6f0000,0x000000002e7f0000)]
  0x0000000028c635e0 JavaThread "Memory manager" [_thread_blocked, id=7560, stack(0x0000000031a00000,0x0000000031b00000)]
  0x0000000028c66fa0 JavaThread "Cache worker for Java compile cache (D:\gradle-7.4.2\caches\8.0.1\javaCompile)" [_thread_blocked, id=5676, stack(0x0000000035de0000,0x0000000035ee0000)]
  0x0000000033d50a10 JavaThread "Daemon Thread 39" [_thread_blocked, id=158664, stack(0x00000000298a0000,0x00000000299a0000)]
  0x0000000033d53560 JavaThread "Daemon Thread 40" [_thread_blocked, id=157832, stack(0x0000000029ee0000,0x0000000029fe0000)]
  0x00000000337e0640 JavaThread "Handler for socket connection from /127.0.0.1:2158 to /127.0.0.1:1658" [_thread_in_native, id=158732, stack(0x000000002a1e0000,0x000000002a2e0000)]
  0x00000000337dee30 JavaThread "Cancel handler" [_thread_blocked, id=158752, stack(0x000000002a2e0000,0x000000002a3e0000)]
  0x00000000337df300 JavaThread "Daemon worker Thread 18" [_thread_blocked, id=158764, stack(0x000000002a0e0000,0x000000002a1e0000)]
  0x00000000337dd620 JavaThread "Asynchronous log dispatcher for DefaultDaemonConnection: socket connection from /127.0.0.1:2158 to /127.0.0.1:1658" [_thread_blocked, id=158784, stack(0x000000002ac00000,0x000000002ad00000)]
  0x00000000337db470 JavaThread "Stdin handler" [_thread_blocked, id=158796, stack(0x000000002ad00000,0x000000002ae00000)]
  0x00000000337db940 JavaThread "Daemon client event forwarder" [_thread_blocked, id=158800, stack(0x000000002dba0000,0x000000002dca0000)]
  0x00000000337df7d0 JavaThread "Cache worker for checksums cache (D:\hack\Seija-Printer\.gradle\8.0.1\checksums)" [_thread_blocked, id=158964, stack(0x000000002dca0000,0x000000002dda0000)]
  0x00000000337e0fe0 JavaThread "Cache worker for cache directory md-rule (D:\gradle-7.4.2\caches\8.0.1\md-rule)" [_thread_blocked, id=158976, stack(0x000000002df00000,0x000000002e000000)]
  0x00000000337dbe10 JavaThread "Cache worker for file hash cache (D:\hack\Seija-Printer\.gradle\8.0.1\fileHashes)" [_thread_blocked, id=158984, stack(0x000000002e100000,0x000000002e200000)]
  0x0000000034345ae0 JavaThread "Cache worker for cache directory md-supplier (D:\gradle-7.4.2\caches\8.0.1\md-supplier)" [_thread_blocked, id=158992, stack(0x000000002f000000,0x000000002f100000)]
  0x0000000034345140 JavaThread "Cache worker for dependencies-accessors (D:\hack\Seija-Printer\.gradle\8.0.1\dependencies-accessors)" [_thread_blocked, id=159088, stack(0x000000002f100000,0x000000002f200000)]
  0x00000000337e0b10 JavaThread "Cache worker for Build Output Cleanup Cache (D:\hack\Seija-Printer\.gradle\buildOutputCleanup)" [_thread_blocked, id=159216, stack(0x000000002f200000,0x000000002f300000)]
  0x0000000034344c70 JavaThread "Unconstrained build operations" [_thread_blocked, id=159284, stack(0x000000002f300000,0x000000002f400000)]
  0x0000000034345fb0 JavaThread "Unconstrained build operations Thread 2" [_thread_blocked, id=159288, stack(0x0000000030400000,0x0000000030500000)]
  0x0000000034345610 JavaThread "Unconstrained build operations Thread 3" [_thread_blocked, id=159292, stack(0x0000000030500000,0x0000000030600000)]
  0x00000000343447a0 JavaThread "Unconstrained build operations Thread 4" [_thread_blocked, id=159296, stack(0x0000000030600000,0x0000000030700000)]
  0x000000002c2776c0 JavaThread "Unconstrained build operations Thread 5" [_thread_blocked, id=159300, stack(0x0000000030700000,0x0000000030800000)]
  0x000000002c275040 JavaThread "Unconstrained build operations Thread 6" [_thread_blocked, id=159304, stack(0x0000000030800000,0x0000000030900000)]
  0x000000002c2759e0 JavaThread "Unconstrained build operations Thread 7" [_thread_blocked, id=159308, stack(0x0000000030900000,0x0000000030a00000)]
  0x000000002c277b90 JavaThread "Unconstrained build operations Thread 8" [_thread_blocked, id=159312, stack(0x0000000030a00000,0x0000000030b00000)]
  0x000000002c278530 JavaThread "Unconstrained build operations Thread 9" [_thread_blocked, id=159316, stack(0x0000000030b00000,0x0000000030c00000)]
  0x000000002c278060 JavaThread "Unconstrained build operations Thread 10" [_thread_blocked, id=159320, stack(0x0000000030c00000,0x0000000030d00000)]
  0x000000002c278a00 JavaThread "Unconstrained build operations Thread 11" [_thread_blocked, id=159324, stack(0x0000000030d00000,0x0000000030e00000)]
  0x000000002c275510 JavaThread "Unconstrained build operations Thread 12" [_thread_blocked, id=159328, stack(0x0000000030e00000,0x0000000030f00000)]
  0x000000002c276380 JavaThread "Unconstrained build operations Thread 13" [_thread_blocked, id=159332, stack(0x0000000030f00000,0x0000000031000000)]
  0x000000002c275eb0 JavaThread "Unconstrained build operations Thread 14" [_thread_blocked, id=159336, stack(0x0000000031000000,0x0000000031100000)]
  0x000000002c276850 JavaThread "Unconstrained build operations Thread 15" [_thread_blocked, id=159340, stack(0x0000000031100000,0x0000000031200000)]
  0x000000002c276d20 JavaThread "Unconstrained build operations Thread 16" [_thread_blocked, id=159344, stack(0x0000000031200000,0x0000000031300000)]
  0x000000002c2771f0 JavaThread "Unconstrained build operations Thread 17" [_thread_blocked, id=159348, stack(0x0000000031300000,0x0000000031400000)]
  0x0000000037ba3e00 JavaThread "Unconstrained build operations Thread 18" [_thread_blocked, id=159352, stack(0x0000000031400000,0x0000000031500000)]
  0x0000000037ba42d0 JavaThread "Unconstrained build operations Thread 19" [_thread_blocked, id=159356, stack(0x0000000031500000,0x0000000031600000)]
  0x0000000037ba6480 JavaThread "Unconstrained build operations Thread 20" [_thread_blocked, id=159360, stack(0x0000000031600000,0x0000000031700000)]
  0x00000000337dc2e0 JavaThread "Unconstrained build operations Thread 21" [_thread_blocked, id=159364, stack(0x0000000031700000,0x0000000031800000)]
  0x00000000337de960 JavaThread "Unconstrained build operations Thread 22" [_thread_blocked, id=159368, stack(0x0000000031800000,0x0000000031900000)]
  0x00000000337dfca0 JavaThread "Unconstrained build operations Thread 23" [_thread_blocked, id=159372, stack(0x0000000031900000,0x0000000031a00000)]
  0x00000000337de490 JavaThread "Unconstrained build operations Thread 24" [_thread_blocked, id=159376, stack(0x0000000031b00000,0x0000000031c00000)]
  0x0000000037ba5610 JavaThread "Unconstrained build operations Thread 25" [_thread_blocked, id=159380, stack(0x0000000031c00000,0x0000000031d00000)]
  0x0000000037ba5ae0 JavaThread "Unconstrained build operations Thread 26" [_thread_blocked, id=159384, stack(0x0000000031d00000,0x0000000031e00000)]
  0x0000000037ba5140 JavaThread "Unconstrained build operations Thread 27" [_thread_blocked, id=159388, stack(0x0000000032df0000,0x0000000032ef0000)]
  0x0000000037ba47a0 JavaThread "Unconstrained build operations Thread 28" [_thread_blocked, id=159392, stack(0x0000000032ef0000,0x0000000032ff0000)]
  0x0000000037ba4c70 JavaThread "Unconstrained build operations Thread 29" [_thread_blocked, id=159396, stack(0x0000000032ff0000,0x00000000330f0000)]
  0x0000000037ba3460 JavaThread "Unconstrained build operations Thread 30" [_thread_blocked, id=159400, stack(0x00000000330f0000,0x00000000331f0000)]
  0x0000000037ba5fb0 JavaThread "Unconstrained build operations Thread 31" [_thread_blocked, id=159404, stack(0x00000000331f0000,0x00000000332f0000)]
  0x0000000037ba3930 JavaThread "Unconstrained build operations Thread 32" [_thread_blocked, id=159408, stack(0x00000000332f0000,0x00000000333f0000)]
  0x000000002c3c7a20 JavaThread "build event listener" [_thread_blocked, id=159556, stack(0x00000000333f0000,0x00000000334f0000)]
  0x00000000337e14b0 JavaThread "Unconstrained build operations Thread 33" [_thread_blocked, id=159656, stack(0x00000000334f0000,0x00000000335f0000)]
  0x00000000337ddfc0 JavaThread "Unconstrained build operations Thread 34" [_thread_blocked, id=159720, stack(0x0000000034650000,0x0000000034750000)]
  0x00000000337dcc80 JavaThread "Unconstrained build operations Thread 35" [_thread_blocked, id=159724, stack(0x0000000035800000,0x0000000035900000)]
  0x00000000337dd150 JavaThread "Unconstrained build operations Thread 36" [_thread_blocked, id=159728, stack(0x0000000035900000,0x0000000035a00000)]
  0x00000000337dc7b0 JavaThread "Unconstrained build operations Thread 37" [_thread_blocked, id=159732, stack(0x0000000035a00000,0x0000000035b00000)]
  0x00000000337ddaf0 JavaThread "Unconstrained build operations Thread 38" [_thread_blocked, id=159736, stack(0x0000000035b00000,0x0000000035c00000)]
  0x00000000337e0170 JavaThread "Unconstrained build operations Thread 39" [_thread_blocked, id=159740, stack(0x0000000035c00000,0x0000000035d00000)]
  0x00000000337e1980 JavaThread "Unconstrained build operations Thread 40" [_thread_blocked, id=157752, stack(0x0000000035ee0000,0x0000000035fe0000)]
  0x0000000037ba2ac0 JavaThread "build event listener" [_thread_blocked, id=159200, stack(0x00000000362c0000,0x00000000363c0000)]
  0x0000000033d51d50 JavaThread "included builds" [_thread_blocked, id=159224, stack(0x0000000036c00000,0x0000000036d00000)]
  0x000000002c3c6210 JavaThread "Execution worker" [_thread_blocked, id=159420, stack(0x0000000036d00000,0x0000000036e00000)]
  0x000000002c3c4060 JavaThread "Execution worker Thread 2" [_thread_blocked, id=159436, stack(0x0000000036e00000,0x0000000036f00000)]
  0x000000002c3c66e0 JavaThread "Execution worker Thread 3" [_thread_blocked, id=159412, stack(0x0000000036f00000,0x0000000037000000)]
  0x00000000337dafa0 JavaThread "Cache worker for execution history cache (D:\hack\Seija-Printer\.gradle\8.0.1\executionHistory)" [_thread_blocked, id=159240, stack(0x0000000037000000,0x0000000037100000)]
  0x00000000337e1e50 JavaThread "Build operations" [_thread_blocked, id=159508, stack(0x0000000037100000,0x0000000037200000)]
  0x00000000337daad0 JavaThread "Build operations Thread 2" [_thread_blocked, id=159484, stack(0x0000000037200000,0x0000000037300000)]
  0x000000002d588e20 JavaThread "Build operations Thread 3" [_thread_blocked, id=159568, stack(0x0000000038d00000,0x0000000038e00000)]
  0x000000002d584f90 JavaThread "Build operations Thread 4" [_thread_blocked, id=159592, stack(0x0000000038e00000,0x0000000038f00000)]

Other Threads:
=>0x00000000250761f0 VMThread "VM Thread" [stack: 0x0000000025c00000,0x0000000025d00000] [id=11576]
  0x00000000028a6a60 WatcherThread [stack: 0x0000000026c00000,0x0000000026d00000] [id=968]
  0x000000000288a1a0 GCTaskThread "GC Thread#0" [stack: 0x0000000002630000,0x0000000002730000] [id=6364]
  0x0000000026868dd0 GCTaskThread "GC Thread#1" [stack: 0x0000000027600000,0x0000000027700000] [id=2312]
  0x0000000027070cf0 GCTaskThread "GC Thread#2" [stack: 0x0000000027700000,0x0000000027800000] [id=3296]
  0x0000000027071fc0 GCTaskThread "GC Thread#3" [stack: 0x00000000287d0000,0x00000000288d0000] [id=11416]
  0x000000000289b0e0 ConcurrentGCThread "G1 Main Marker" [stack: 0x00000000228b0000,0x00000000229b0000] [id=6920]
  0x000000000289baf0 ConcurrentGCThread "G1 Conc#0" [stack: 0x00000000229b0000,0x0000000022ab0000] [id=11204]
  0x0000000024f30090 ConcurrentGCThread "G1 Refine#0" [stack: 0x0000000025110000,0x0000000025210000] [id=4136]
  0x000000002bcc64a0 ConcurrentGCThread "G1 Refine#1" [stack: 0x000000002e000000,0x000000002e100000] [id=9604]
  0x00000000320f93a0 ConcurrentGCThread "G1 Refine#2" [stack: 0x000000002b100000,0x000000002b200000] [id=2516]
  0x00000000320f9680 ConcurrentGCThread "G1 Refine#3" [stack: 0x0000000038c00000,0x0000000038d00000] [id=10700]
  0x0000000024f30ab0 ConcurrentGCThread "G1 Service" [stack: 0x0000000025210000,0x0000000025310000] [id=432]

Threads with active compile tasks:
C2 CompilerThread0  26651376 35582       4       net.fabricmc.mappingio.format.Tiny2Reader::readElement (54 bytes)

VM state: at safepoint (normal execution)

VM Mutex/Monitor currently owned by a thread:  ([mutex/lock_event])
[0x00000000028181a0] Threads_lock - owner thread: 0x00000000250761f0
[0x00000000028183e0] Heap_lock - owner thread: 0x0000000033d51d50

Heap address: 0x0000000700000000, size: 4096 MB, Compressed Oops mode: Zero based, Oop shift amount: 3

CDS archive(s) mapped at: [0x0000000800000000-0x0000000800bd0000-0x0000000800bd0000), size 12386304, SharedBaseAddress: 0x0000000800000000, ArchiveRelocationMode: 0.
Compressed class space mapped at: 0x0000000800c00000-0x0000000840c00000, reserved size: 1073741824
Narrow klass base: 0x0000000800000000, Narrow klass shift: 0, Narrow klass range: 0x100000000

GC Precious Log:
 CPUs: 4 total, 4 available
 Memory: 7834M
 Large Page Support: Disabled
 NUMA Support: Disabled
 Compressed Oops: Enabled (Zero based)
 Heap Region Size: 2M
 Heap Min Capacity: 8M
 Heap Initial Capacity: 124M
 Heap Max Capacity: 4G
 Pre-touch: Disabled
 Parallel Workers: 4
 Concurrent Workers: 1
 Concurrent Refinement Workers: 4
 Periodic GC: Disabled

Heap:
 garbage-first heap   total 245760K, used 133443K [0x0000000700000000, 0x0000000800000000)
  region size 2048K, 4 young (8192K), 4 survivors (8192K)
 Metaspace       used 88636K, committed 89920K, reserved 1130496K
  class space    used 11066K, committed 11712K, reserved 1048576K

Heap Regions: E=young(eden), S=young(survivor), O=old, HS=humongous(starts), HC=humongous(continues), CS=collection set, F=free, OA=open archive, CA=closed archive, TAMS=top-at-mark-start (previous, next)
|   0|0x0000000700000000, 0x00000007001f8b20, 0x0000000700200000| 98%| O|  |TAMS 0x00000007001f8b20, 0x00000007001f8b20| Untracked 
|   1|0x0000000700200000, 0x0000000700400000, 0x0000000700400000|100%|HS|  |TAMS 0x0000000700400000, 0x0000000700400000| Complete 
|   2|0x0000000700400000, 0x0000000700600000, 0x0000000700600000|100%|HC|  |TAMS 0x0000000700600000, 0x0000000700600000| Complete 
|   3|0x0000000700600000, 0x0000000700800000, 0x0000000700800000|100%| O|  |TAMS 0x0000000700800000, 0x0000000700800000| Untracked 
|   4|0x0000000700800000, 0x00000007009fffe0, 0x0000000700a00000| 99%| O|  |TAMS 0x00000007009fffe0, 0x00000007009fffe0| Untracked 
|   5|0x0000000700a00000, 0x0000000700c00000, 0x0000000700c00000|100%| O|  |TAMS 0x0000000700c00000, 0x0000000700c00000| Untracked 
|   6|0x0000000700c00000, 0x0000000700e00000, 0x0000000700e00000|100%| O|  |TAMS 0x0000000700e00000, 0x0000000700e00000| Untracked 
|   7|0x0000000700e00000, 0x0000000701000000, 0x0000000701000000|100%| O|  |TAMS 0x0000000701000000, 0x0000000701000000| Untracked 
|   8|0x0000000701000000, 0x00000007011fffe8, 0x0000000701200000| 99%| O|  |TAMS 0x00000007011fffe8, 0x00000007011fffe8| Untracked 
|   9|0x0000000701200000, 0x00000007013ffff8, 0x0000000701400000| 99%| O|  |TAMS 0x00000007013ffff8, 0x00000007013ffff8| Untracked 
|  10|0x0000000701400000, 0x00000007015fffd8, 0x0000000701600000| 99%| O|  |TAMS 0x00000007015fffd8, 0x00000007015fffd8| Untracked 
|  11|0x0000000701600000, 0x00000007017fffb8, 0x0000000701800000| 99%| O|  |TAMS 0x00000007017fffb8, 0x00000007017fffb8| Untracked 
|  12|0x0000000701800000, 0x00000007019fff98, 0x0000000701a00000| 99%| O|  |TAMS 0x00000007019fff98, 0x00000007019fff98| Untracked 
|  13|0x0000000701a00000, 0x0000000701bfffc8, 0x0000000701c00000| 99%| O|  |TAMS 0x0000000701bfffc8, 0x0000000701bfffc8| Untracked 
|  14|0x0000000701c00000, 0x0000000701dfffa8, 0x0000000701e00000| 99%| O|  |TAMS 0x0000000701dfffa8, 0x0000000701dfffa8| Untracked 
|  15|0x0000000701e00000, 0x0000000701fffff0, 0x0000000702000000| 99%| O|  |TAMS 0x0000000701fffff0, 0x0000000701fffff0| Untracked 
|  16|0x0000000702000000, 0x00000007021fffd8, 0x0000000702200000| 99%| O|  |TAMS 0x00000007021fffd8, 0x00000007021fffd8| Untracked 
|  17|0x0000000702200000, 0x0000000702400000, 0x0000000702400000|100%| O|  |TAMS 0x0000000702400000, 0x0000000702400000| Untracked 
|  18|0x0000000702400000, 0x00000007025fffe0, 0x0000000702600000| 99%| O|  |TAMS 0x00000007025fffe0, 0x00000007025fffe0| Untracked 
|  19|0x0000000702600000, 0x00000007027ffff8, 0x0000000702800000| 99%| O|  |TAMS 0x00000007027ffff8, 0x00000007027ffff8| Untracked 
|  20|0x0000000702800000, 0x0000000702a00000, 0x0000000702a00000|100%| O|  |TAMS 0x0000000702a00000, 0x0000000702a00000| Untracked 
|  21|0x0000000702a00000, 0x0000000702bffff8, 0x0000000702c00000| 99%| O|  |TAMS 0x0000000702bffff8, 0x0000000702bffff8| Untracked 
|  22|0x0000000702c00000, 0x0000000702dffff0, 0x0000000702e00000| 99%| O|  |TAMS 0x0000000702dffff0, 0x0000000702dffff0| Untracked 
|  23|0x0000000702e00000, 0x0000000702fffff8, 0x0000000703000000| 99%| O|  |TAMS 0x0000000702fffff8, 0x0000000702fffff8| Untracked 
|  24|0x0000000703000000, 0x0000000703200000, 0x0000000703200000|100%| O|  |TAMS 0x0000000703200000, 0x0000000703200000| Untracked 
|  25|0x0000000703200000, 0x0000000703400000, 0x0000000703400000|100%| O|  |TAMS 0x0000000703400000, 0x0000000703400000| Untracked 
|  26|0x0000000703400000, 0x00000007035ff4f8, 0x0000000703600000| 99%| O|  |TAMS 0x00000007035ff4f8, 0x00000007035ff4f8| Untracked 
|  27|0x0000000703600000, 0x0000000703800000, 0x0000000703800000|100%| O|  |TAMS 0x0000000703800000, 0x0000000703800000| Untracked 
|  28|0x0000000703800000, 0x0000000703986288, 0x0000000703a00000| 76%| O|  |TAMS 0x0000000703986288, 0x0000000703986288| Untracked 
|  29|0x0000000703a00000, 0x0000000703bfc878, 0x0000000703c00000| 99%| O|  |TAMS 0x0000000703bfc878, 0x0000000703bfc878| Untracked 
|  30|0x0000000703c00000, 0x0000000703dfffe0, 0x0000000703e00000| 99%| O|  |TAMS 0x0000000703dfffe0, 0x0000000703dfffe0| Untracked 
|  31|0x0000000703e00000, 0x0000000703ebc0a0, 0x0000000704000000| 36%| O|  |TAMS 0x0000000703ebc0a0, 0x0000000703ebc0a0| Untracked 
|  32|0x0000000704000000, 0x0000000704200000, 0x0000000704200000|100%|HS|  |TAMS 0x0000000704200000, 0x0000000704200000| Complete 
|  33|0x0000000704200000, 0x0000000704400000, 0x0000000704400000|100%| O|  |TAMS 0x0000000704400000, 0x0000000704400000| Untracked 
|  34|0x0000000704400000, 0x0000000704600000, 0x0000000704600000|100%| O|  |TAMS 0x0000000704600000, 0x0000000704600000| Untracked 
|  35|0x0000000704600000, 0x0000000704800000, 0x0000000704800000|100%| O|  |TAMS 0x0000000704800000, 0x0000000704800000| Untracked 
|  36|0x0000000704800000, 0x0000000704a00000, 0x0000000704a00000|100%| O|  |TAMS 0x0000000704a00000, 0x0000000704a00000| Untracked 
|  37|0x0000000704a00000, 0x0000000704c00000, 0x0000000704c00000|100%| O|  |TAMS 0x0000000704ab9c00, 0x0000000704c00000| Untracked 
|  38|0x0000000704c00000, 0x0000000704e00000, 0x0000000704e00000|100%|HS|  |TAMS 0x0000000704e00000, 0x0000000704e00000| Complete 
|  39|0x0000000704e00000, 0x0000000705000000, 0x0000000705000000|100%| O|  |TAMS 0x0000000704e00000, 0x0000000705000000| Untracked 
|  40|0x0000000705000000, 0x0000000705200000, 0x0000000705200000|100%| O|  |TAMS 0x0000000705000000, 0x0000000705200000| Untracked 
|  41|0x0000000705200000, 0x0000000705400000, 0x0000000705400000|100%| O|  |TAMS 0x0000000705200000, 0x0000000705400000| Untracked 
|  42|0x0000000705400000, 0x0000000705600000, 0x0000000705600000|100%| O|  |TAMS 0x0000000705400000, 0x0000000705600000| Untracked 
|  43|0x0000000705600000, 0x0000000705800000, 0x0000000705800000|100%|HS|  |TAMS 0x0000000705600000, 0x0000000705800000| Complete 
|  44|0x0000000705800000, 0x0000000705a00000, 0x0000000705a00000|100%|HC|  |TAMS 0x0000000705800000, 0x0000000705a00000| Complete 
|  45|0x0000000705a00000, 0x0000000705c00000, 0x0000000705c00000|100%| O|  |TAMS 0x0000000705a00000, 0x0000000705c00000| Untracked 
|  46|0x0000000705c00000, 0x0000000705e00000, 0x0000000705e00000|100%| O|  |TAMS 0x0000000705c00000, 0x0000000705e00000| Untracked 
|  47|0x0000000705e00000, 0x0000000706000000, 0x0000000706000000|100%| O|  |TAMS 0x0000000705e00000, 0x0000000706000000| Untracked 
|  48|0x0000000706000000, 0x0000000706200000, 0x0000000706200000|100%| O|  |TAMS 0x0000000706000000, 0x0000000706200000| Untracked 
|  49|0x0000000706200000, 0x0000000706400000, 0x0000000706400000|100%| O|  |TAMS 0x0000000706200000, 0x000000070628b600| Untracked 
|  50|0x0000000706400000, 0x0000000706600000, 0x0000000706600000|100%| O|  |TAMS 0x0000000706400000, 0x0000000706400000| Untracked 
|  51|0x0000000706600000, 0x0000000706800000, 0x0000000706800000|100%| O|  |TAMS 0x0000000706600000, 0x0000000706600000| Untracked 
|  52|0x0000000706800000, 0x0000000706a00000, 0x0000000706a00000|100%| O|  |TAMS 0x0000000706800000, 0x0000000706800000| Untracked 
|  53|0x0000000706a00000, 0x0000000706c00000, 0x0000000706c00000|100%| O|  |TAMS 0x0000000706a00000, 0x0000000706a00000| Untracked 
|  54|0x0000000706c00000, 0x0000000706e00000, 0x0000000706e00000|100%| O|  |TAMS 0x0000000706c00000, 0x0000000706c00000| Untracked 
|  55|0x0000000706e00000, 0x0000000707000000, 0x0000000707000000|100%| O|  |TAMS 0x0000000706e00000, 0x0000000706e00000| Untracked 
|  56|0x0000000707000000, 0x0000000707200000, 0x0000000707200000|100%| O|  |TAMS 0x0000000707000000, 0x0000000707000000| Untracked 
|  57|0x0000000707200000, 0x0000000707400000, 0x0000000707400000|100%| O|  |TAMS 0x0000000707200000, 0x0000000707200000| Untracked 
|  58|0x0000000707400000, 0x0000000707600000, 0x0000000707600000|100%| O|  |TAMS 0x0000000707400000, 0x0000000707400000| Untracked 
|  59|0x0000000707600000, 0x0000000707800000, 0x0000000707800000|100%| O|  |TAMS 0x0000000707600000, 0x0000000707600000| Untracked 
|  60|0x0000000707800000, 0x0000000707a00000, 0x0000000707a00000|100%| O|  |TAMS 0x0000000707800000, 0x0000000707800000| Untracked 
|  61|0x0000000707a00000, 0x0000000707c00000, 0x0000000707c00000|100%| O|  |TAMS 0x0000000707a00000, 0x0000000707a00000| Untracked 
|  62|0x0000000707c00000, 0x0000000707c00000, 0x0000000707e00000|  0%| F|  |TAMS 0x0000000707c00000, 0x0000000707c00000| Untracked 
|  63|0x0000000707e00000, 0x0000000707e00000, 0x0000000708000000|  0%| F|  |TAMS 0x0000000707e00000, 0x0000000707e00000| Untracked 
|  64|0x0000000708000000, 0x0000000708000000, 0x0000000708200000|  0%| F|  |TAMS 0x0000000708000000, 0x0000000708000000| Untracked 
|  65|0x0000000708200000, 0x0000000708200000, 0x0000000708400000|  0%| F|  |TAMS 0x0000000708200000, 0x0000000708200000| Untracked 
|  66|0x0000000708400000, 0x0000000708400000, 0x0000000708600000|  0%| F|  |TAMS 0x0000000708400000, 0x0000000708400000| Untracked 
|  67|0x0000000708600000, 0x0000000708600000, 0x0000000708800000|  0%| F|  |TAMS 0x0000000708600000, 0x0000000708600000| Untracked 
|  68|0x0000000708800000, 0x0000000708800000, 0x0000000708a00000|  0%| F|  |TAMS 0x0000000708800000, 0x0000000708800000| Untracked 
|  69|0x0000000708a00000, 0x0000000708a00000, 0x0000000708c00000|  0%| F|  |TAMS 0x0000000708a00000, 0x0000000708a00000| Untracked 
|  70|0x0000000708c00000, 0x0000000708c14f18, 0x0000000708e00000|  4%| O|  |TAMS 0x0000000708c14f18, 0x0000000708c14f18| Untracked 
|  71|0x0000000708e00000, 0x0000000708e00000, 0x0000000709000000|  0%| F|  |TAMS 0x0000000708e00000, 0x0000000708e00000| Untracked 
|  72|0x0000000709000000, 0x0000000709000000, 0x0000000709200000|  0%| F|  |TAMS 0x0000000709000000, 0x0000000709000000| Untracked 
|  73|0x0000000709200000, 0x0000000709200000, 0x0000000709400000|  0%| F|  |TAMS 0x0000000709200000, 0x0000000709200000| Untracked 
|  74|0x0000000709400000, 0x0000000709400000, 0x0000000709600000|  0%| F|  |TAMS 0x0000000709400000, 0x0000000709400000| Untracked 
|  75|0x0000000709600000, 0x0000000709600000, 0x0000000709800000|  0%| F|  |TAMS 0x0000000709600000, 0x0000000709600000| Untracked 
|  76|0x0000000709800000, 0x0000000709800000, 0x0000000709a00000|  0%| F|  |TAMS 0x0000000709800000, 0x0000000709800000| Untracked 
|  77|0x0000000709a00000, 0x0000000709a00000, 0x0000000709c00000|  0%| F|  |TAMS 0x0000000709a00000, 0x0000000709a00000| Untracked 
|  78|0x0000000709c00000, 0x0000000709c00000, 0x0000000709e00000|  0%| F|  |TAMS 0x0000000709c00000, 0x0000000709c00000| Untracked 
|  79|0x0000000709e00000, 0x0000000709e00000, 0x000000070a000000|  0%| F|  |TAMS 0x0000000709e00000, 0x0000000709e00000| Untracked 
|  80|0x000000070a000000, 0x000000070a000000, 0x000000070a200000|  0%| F|  |TAMS 0x000000070a000000, 0x000000070a000000| Untracked 
|  81|0x000000070a200000, 0x000000070a205538, 0x000000070a400000|  1%| O|  |TAMS 0x000000070a205538, 0x000000070a205538| Untracked 
|  82|0x000000070a400000, 0x000000070a400000, 0x000000070a600000|  0%| F|  |TAMS 0x000000070a400000, 0x000000070a400000| Untracked 
|  83|0x000000070a600000, 0x000000070a600000, 0x000000070a800000|  0%| F|  |TAMS 0x000000070a600000, 0x000000070a600000| Untracked 
|  84|0x000000070a800000, 0x000000070a800000, 0x000000070aa00000|  0%| F|  |TAMS 0x000000070a800000, 0x000000070a800000| Untracked 
|  85|0x000000070aa00000, 0x000000070aa00000, 0x000000070ac00000|  0%| F|  |TAMS 0x000000070aa00000, 0x000000070aa00000| Untracked 
|  86|0x000000070ac00000, 0x000000070ac00000, 0x000000070ae00000|  0%| F|  |TAMS 0x000000070ac00000, 0x000000070ac00000| Untracked 
|  87|0x000000070ae00000, 0x000000070ae00000, 0x000000070b000000|  0%| F|  |TAMS 0x000000070ae00000, 0x000000070ae00000| Untracked 
|  88|0x000000070b000000, 0x000000070b000000, 0x000000070b200000|  0%| F|  |TAMS 0x000000070b000000, 0x000000070b000000| Untracked 
|  89|0x000000070b200000, 0x000000070b200000, 0x000000070b400000|  0%| F|  |TAMS 0x000000070b200000, 0x000000070b200000| Untracked 
|  90|0x000000070b400000, 0x000000070b400000, 0x000000070b600000|  0%| F|  |TAMS 0x000000070b400000, 0x000000070b400000| Untracked 
|  91|0x000000070b600000, 0x000000070b600000, 0x000000070b800000|  0%| F|  |TAMS 0x000000070b600000, 0x000000070b600000| Untracked 
|  92|0x000000070b800000, 0x000000070ba00000, 0x000000070ba00000|100%| S|CS|TAMS 0x000000070b800000, 0x000000070b800000| Complete 
|  93|0x000000070ba00000, 0x000000070bc00000, 0x000000070bc00000|100%| S|CS|TAMS 0x000000070ba00000, 0x000000070ba00000| Complete 
|  94|0x000000070bc00000, 0x000000070be00000, 0x000000070be00000|100%| S|CS|TAMS 0x000000070bc00000, 0x000000070bc00000| Complete 
|  95|0x000000070be00000, 0x000000070c000000, 0x000000070c000000|100%| S|CS|TAMS 0x000000070be00000, 0x000000070be00000| Complete 
|  96|0x000000070c000000, 0x000000070c000000, 0x000000070c200000|  0%| F|  |TAMS 0x000000070c000000, 0x000000070c000000| Untracked 
|  97|0x000000070c200000, 0x000000070c200000, 0x000000070c400000|  0%| F|  |TAMS 0x000000070c200000, 0x000000070c200000| Untracked 
|  98|0x000000070c400000, 0x000000070c400000, 0x000000070c600000|  0%| F|  |TAMS 0x000000070c400000, 0x000000070c400000| Untracked 
|  99|0x000000070c600000, 0x000000070c600000, 0x000000070c800000|  0%| F|  |TAMS 0x000000070c600000, 0x000000070c600000| Untracked 
| 100|0x000000070c800000, 0x000000070c800000, 0x000000070ca00000|  0%| F|  |TAMS 0x000000070c800000, 0x000000070c800000| Untracked 
| 101|0x000000070ca00000, 0x000000070ca00000, 0x000000070cc00000|  0%| F|  |TAMS 0x000000070ca00000, 0x000000070ca00000| Untracked 
| 102|0x000000070cc00000, 0x000000070cc00000, 0x000000070ce00000|  0%| F|  |TAMS 0x000000070cc00000, 0x000000070cc00000| Untracked 
| 103|0x000000070ce00000, 0x000000070ce00000, 0x000000070d000000|  0%| F|  |TAMS 0x000000070ce00000, 0x000000070ce00000| Untracked 
| 104|0x000000070d000000, 0x000000070d000000, 0x000000070d200000|  0%| F|  |TAMS 0x000000070d000000, 0x000000070d000000| Untracked 
| 105|0x000000070d200000, 0x000000070d200000, 0x000000070d400000|  0%| F|  |TAMS 0x000000070d200000, 0x000000070d200000| Untracked 
| 106|0x000000070d400000, 0x000000070d400000, 0x000000070d600000|  0%| F|  |TAMS 0x000000070d400000, 0x000000070d400000| Untracked 
| 107|0x000000070d600000, 0x000000070d600000, 0x000000070d800000|  0%| F|  |TAMS 0x000000070d600000, 0x000000070d600000| Untracked 
| 108|0x000000070d800000, 0x000000070d800000, 0x000000070da00000|  0%| F|  |TAMS 0x000000070d800000, 0x000000070d800000| Untracked 
| 109|0x000000070da00000, 0x000000070da00000, 0x000000070dc00000|  0%| F|  |TAMS 0x000000070da00000, 0x000000070da00000| Untracked 
| 110|0x000000070dc00000, 0x000000070dc00000, 0x000000070de00000|  0%| F|  |TAMS 0x000000070dc00000, 0x000000070dc00000| Untracked 
| 111|0x000000070de00000, 0x000000070de00000, 0x000000070e000000|  0%| F|  |TAMS 0x000000070de00000, 0x000000070de00000| Untracked 
| 112|0x000000070e000000, 0x000000070e000000, 0x000000070e200000|  0%| F|  |TAMS 0x000000070e000000, 0x000000070e000000| Untracked 
| 113|0x000000070e200000, 0x000000070e200000, 0x000000070e400000|  0%| F|  |TAMS 0x000000070e200000, 0x000000070e200000| Untracked 
| 114|0x000000070e400000, 0x000000070e400000, 0x000000070e600000|  0%| F|  |TAMS 0x000000070e400000, 0x000000070e400000| Untracked 
| 115|0x000000070e600000, 0x000000070e600000, 0x000000070e800000|  0%| F|  |TAMS 0x000000070e600000, 0x000000070e600000| Untracked 
| 116|0x000000070e800000, 0x000000070e800000, 0x000000070ea00000|  0%| F|  |TAMS 0x000000070e800000, 0x000000070e800000| Untracked 
| 117|0x000000070ea00000, 0x000000070ea00000, 0x000000070ec00000|  0%| F|  |TAMS 0x000000070ea00000, 0x000000070ea00000| Untracked 
| 118|0x000000070ec00000, 0x000000070ec00000, 0x000000070ee00000|  0%| F|  |TAMS 0x000000070ec00000, 0x000000070ec00000| Untracked 
| 119|0x000000070ee00000, 0x000000070ee00000, 0x000000070f000000|  0%| F|  |TAMS 0x000000070ee00000, 0x000000070ee00000| Untracked 

Card table byte_map: [0x00000000198b0000,0x000000001a0b0000] _byte_map_base: 0x00000000160b0000

Marking Bits (Prev, Next): (CMBitMap*) 0x000000000288a7b0, (CMBitMap*) 0x000000000288a7f0
 Prev Bits: [0x000000001a8b0000, 0x000000001e8b0000)
 Next Bits: [0x000000001e8b0000, 0x00000000228b0000)

Polling page: 0x00000000006b0000

Metaspace:

Usage:
  Non-class:     75.75 MB used.
      Class:     10.81 MB used.
       Both:     86.56 MB used.

Virtual space:
  Non-class space:       80.00 MB reserved,      76.38 MB ( 95%) committed,  10 nodes.
      Class space:        1.00 GB reserved,      11.44 MB (  1%) committed,  1 nodes.
             Both:        1.08 GB reserved,      87.81 MB (  8%) committed. 

Chunk freelists:
   Non-Class:  2.70 MB
       Class:  608.00 KB
        Both:  3.30 MB

MaxMetaspaceSize: unlimited
CompressedClassSpaceSize: 1.00 GB
Initial GC threshold: 21.00 MB
Current GC threshold: 146.38 MB
CDS: on
MetaspaceReclaimPolicy: balanced
 - commit_granule_bytes: 65536.
 - commit_granule_words: 8192.
 - virtual_space_node_default_size: 1048576.
 - enlarge_chunks_in_place: 1.
 - new_chunks_are_fully_committed: 0.
 - uncommit_free_chunks: 1.
 - use_allocation_guard: 0.
 - handle_deallocations: 1.


Internal statistics:

num_allocs_failed_limit: 9.
num_arena_births: 2750.
num_arena_deaths: 534.
num_vsnodes_births: 11.
num_vsnodes_deaths: 0.
num_space_committed: 2067.
num_space_uncommitted: 662.
num_chunks_returned_to_freelist: 3123.
num_chunks_taken_from_freelist: 9356.
num_chunk_merges: 917.
num_chunk_splits: 5584.
num_chunks_enlarged: 3621.
num_purges: 54.
num_inconsistent_stats: 0.

CodeHeap 'non-profiled nmethods': size=120000Kb used=28540Kb max_used=28540Kb free=91459Kb
 bounds [0x0000000011b80000, 0x0000000013760000, 0x00000000190b0000]
CodeHeap 'profiled nmethods': size=120000Kb used=40054Kb max_used=40054Kb free=79946Kb
 bounds [0x000000000a0b0000, 0x000000000c7e0000, 0x00000000115e0000]
CodeHeap 'non-nmethods': size=5760Kb used=2403Kb max_used=2488Kb free=3357Kb
 bounds [0x00000000115e0000, 0x0000000011860000, 0x0000000011b80000]
 total_blobs=22453 nmethods=21537 adapters=826
 compilation: enabled
              stopped_count=0, restarted_count=0
 full_count=0

Compilation events (20 events):
Event: 26651.183 Thread 0x00000000250a8590 35575       3       net.fabricmc.mappingio.tree.MappingTreeView::getClass (67 bytes)
Event: 26651.183 Thread 0x00000000250a8590 nmethod 35575 0x000000000c7d2390 code [0x000000000c7d2600, 0x000000000c7d31f8]
Event: 26651.183 Thread 0x00000000250a8590 35574       3       net.fabricmc.mappingio.tree.MemoryMappingTree::getClass (14 bytes)
Event: 26651.183 Thread 0x00000000250a8590 nmethod 35574 0x000000000c7d3610 code [0x000000000c7d37c0, 0x000000000c7d3a88]
Event: 26651.184 Thread 0x00000000250a8590 35576       3       net.fabricmc.mappingio.format.Tiny2Reader::readComment (48 bytes)
Event: 26651.184 Thread 0x00000000250a8590 nmethod 35576 0x000000000c7d3b90 code [0x000000000c7d3de0, 0x000000000c7d4578]
Event: 26651.184 Thread 0x00000000250a8590 35577       3       net.fabricmc.mappingio.tree.MemoryMappingTree::visitComment (78 bytes)
Event: 26651.185 Thread 0x00000000250a8590 nmethod 35577 0x000000000c7d4910 code [0x000000000c7d4ae0, 0x000000000c7d4e68]
Event: 26651.187 Thread 0x000000002509fae0 nmethod 35563 0x000000001375ad10 code [0x000000001375af00, 0x000000001375b7f0]
Event: 26651.187 Thread 0x000000002509fae0 35578       4       net.fabricmc.mappingio.format.Tiny2Reader::readDstNames (78 bytes)
Event: 26651.195 Thread 0x00000000250a8590 35581       3       net.fabricmc.mappingio.format.Tiny2Util::unescape (149 bytes)
Event: 26651.198 Thread 0x00000000250a8590 nmethod 35581 0x000000000c7d4f90 code [0x000000000c7d5480, 0x000000000c7d78c8]
Event: 26651.204 Thread 0x000000002509fae0 nmethod 35578 0x000000001375be90 code [0x000000001375c080, 0x000000001375cea8]
Event: 26651.204 Thread 0x000000002509fae0 35565       4       net.fabricmc.mappingio.format.ColumnFileReader::nextCol (145 bytes)
Event: 26651.219 Thread 0x000000002509fae0 nmethod 35565 0x000000001375d790 code [0x000000001375d980, 0x000000001375e330]
Event: 26651.219 Thread 0x000000002509fae0 35580       4       net.fabricmc.mappingio.tree.MemoryMappingTree$MethodEntry::getArg (163 bytes)
Event: 26651.223 Thread 0x00000000250a8590 35588       3       net.fabricmc.mappingio.tree.MemoryMappingTree$MemberKey::equals (54 bytes)
Event: 26651.224 Thread 0x00000000250a8590 nmethod 35588 0x000000000c7d8610 code [0x000000000c7d87e0, 0x000000000c7d8bd8]
Event: 26651.228 Thread 0x000000002509fae0 nmethod 35580 0x000000001375ea10 code [0x000000001375eba0, 0x000000001375f038]
Event: 26651.228 Thread 0x000000002509fae0 35582       4       net.fabricmc.mappingio.format.Tiny2Reader::readElement (54 bytes)

GC Heap History (20 events):
Event: 26418.678 GC heap after
{Heap after GC invocations=509 (full 32):
 garbage-first heap   total 2418688K, used 721198K [0x0000000700000000, 0x0000000800000000)
  region size 2048K, 6 young (12288K), 6 survivors (12288K)
 Metaspace       used 86457K, committed 88064K, reserved 1130496K
  class space    used 10793K, committed 11520K, reserved 1048576K
}
Event: 26419.043 GC heap before
{Heap before GC invocations=509 (full 32):
 garbage-first heap   total 2418688K, used 829742K [0x0000000700000000, 0x0000000800000000)
  region size 2048K, 59 young (120832K), 6 survivors (12288K)
 Metaspace       used 86457K, committed 88064K, reserved 1130496K
  class space    used 10793K, committed 11520K, reserved 1048576K
}
Event: 26419.086 GC heap after
{Heap after GC invocations=510 (full 32):
 garbage-first heap   total 2418688K, used 725065K [0x0000000700000000, 0x0000000800000000)
  region size 2048K, 6 young (12288K), 6 survivors (12288K)
 Metaspace       used 86457K, committed 88064K, reserved 1130496K
  class space    used 10793K, committed 11520K, reserved 1048576K
}
Event: 26419.342 GC heap before
{Heap before GC invocations=510 (full 32):
 garbage-first heap   total 2418688K, used 774217K [0x0000000700000000, 0x0000000800000000)
  region size 2048K, 31 young (63488K), 6 survivors (12288K)
 Metaspace       used 86469K, committed 88064K, reserved 1130496K
  class space    used 10793K, committed 11520K, reserved 1048576K
}
Event: 26419.449 GC heap after
{Heap after GC invocations=511 (full 33):
 garbage-first heap   total 245760K, used 66653K [0x0000000700000000, 0x0000000800000000)
  region size 2048K, 0 young (0K), 0 survivors (0K)
 Metaspace       used 86469K, committed 88064K, reserved 1130496K
  class space    used 10793K, committed 11520K, reserved 1048576K
}
Event: 26646.606 GC heap before
{Heap before GC invocations=511 (full 33):
 garbage-first heap   total 245760K, used 109661K [0x0000000700000000, 0x0000000800000000)
  region size 2048K, 22 young (45056K), 0 survivors (0K)
 Metaspace       used 86485K, committed 88064K, reserved 1130496K
  class space    used 10795K, committed 11520K, reserved 1048576K
}
Event: 26646.639 GC heap after
{Heap after GC invocations=512 (full 33):
 garbage-first heap   total 245760K, used 70749K [0x0000000700000000, 0x0000000800000000)
  region size 2048K, 2 young (4096K), 2 survivors (4096K)
 Metaspace       used 86485K, committed 88064K, reserved 1130496K
  class space    used 10795K, committed 11520K, reserved 1048576K
}
Event: 26646.881 GC heap before
{Heap before GC invocations=512 (full 33):
 garbage-first heap   total 245760K, used 83037K [0x0000000700000000, 0x0000000800000000)
  region size 2048K, 6 young (12288K), 2 survivors (4096K)
 Metaspace       used 86486K, committed 88064K, reserved 1130496K
  class space    used 10795K, committed 11520K, reserved 1048576K
}
Event: 26646.891 GC heap after
{Heap after GC invocations=513 (full 33):
 garbage-first heap   total 245760K, used 74367K [0x0000000700000000, 0x0000000800000000)
  region size 2048K, 1 young (2048K), 1 survivors (2048K)
 Metaspace       used 86486K, committed 88064K, reserved 1130496K
  class space    used 10795K, committed 11520K, reserved 1048576K
}
Event: 26647.699 GC heap before
{Heap before GC invocations=514 (full 33):
 garbage-first heap   total 245760K, used 82559K [0x0000000700000000, 0x0000000800000000)
  region size 2048K, 6 young (12288K), 1 survivors (2048K)
 Metaspace       used 86488K, committed 88064K, reserved 1130496K
  class space    used 10795K, committed 11520K, reserved 1048576K
}
Event: 26647.817 GC heap after
{Heap after GC invocations=515 (full 34):
 garbage-first heap   total 245760K, used 69955K [0x0000000700000000, 0x0000000800000000)
  region size 2048K, 0 young (0K), 0 survivors (0K)
 Metaspace       used 86488K, committed 88064K, reserved 1130496K
  class space    used 10795K, committed 11520K, reserved 1048576K
}
Event: 26649.060 GC heap before
{Heap before GC invocations=515 (full 34):
 garbage-first heap   total 245760K, used 102723K [0x0000000700000000, 0x0000000800000000)
  region size 2048K, 18 young (36864K), 0 survivors (0K)
 Metaspace       used 86536K, committed 88064K, reserved 1130496K
  class space    used 10797K, committed 11520K, reserved 1048576K
}
Event: 26649.069 GC heap after
{Heap after GC invocations=516 (full 34):
 garbage-first heap   total 245760K, used 76962K [0x0000000700000000, 0x0000000800000000)
  region size 2048K, 4 young (8192K), 4 survivors (8192K)
 Metaspace       used 86536K, committed 88064K, reserved 1130496K
  class space    used 10797K, committed 11520K, reserved 1048576K
}
Event: 26649.635 GC heap before
{Heap before GC invocations=517 (full 34):
 garbage-first heap   total 245760K, used 97442K [0x0000000700000000, 0x0000000800000000)
  region size 2048K, 17 young (34816K), 4 survivors (8192K)
 Metaspace       used 86551K, committed 88064K, reserved 1130496K
  class space    used 10798K, committed 11520K, reserved 1048576K
}
Event: 26649.650 GC heap after
{Heap after GC invocations=518 (full 34):
 garbage-first heap   total 245760K, used 82899K [0x0000000700000000, 0x0000000800000000)
  region size 2048K, 4 young (8192K), 4 survivors (8192K)
 Metaspace       used 86551K, committed 88064K, reserved 1130496K
  class space    used 10798K, committed 11520K, reserved 1048576K
}
Event: 26650.039 GC heap before
{Heap before GC invocations=519 (full 34):
 garbage-first heap   total 245760K, used 97235K [0x0000000700000000, 0x0000000800000000)
  region size 2048K, 11 young (22528K), 4 survivors (8192K)
 Metaspace       used 86551K, committed 88064K, reserved 1130496K
  class space    used 10798K, committed 11520K, reserved 1048576K
}
Event: 26650.054 GC heap after
{Heap after GC invocations=520 (full 34):
 garbage-first heap   total 245760K, used 89978K [0x0000000700000000, 0x0000000800000000)
  region size 2048K, 3 young (6144K), 3 survivors (6144K)
 Metaspace       used 86551K, committed 88064K, reserved 1130496K
  class space    used 10798K, committed 11520K, reserved 1048576K
}
Event: 26650.436 GC heap before
{Heap before GC invocations=521 (full 34):
 garbage-first heap   total 245760K, used 143226K [0x0000000700000000, 0x0000000800000000)
  region size 2048K, 28 young (57344K), 3 survivors (6144K)
 Metaspace       used 86551K, committed 88064K, reserved 1130496K
  class space    used 10798K, committed 11520K, reserved 1048576K
}
Event: 26650.469 GC heap after
{Heap after GC invocations=522 (full 34):
 garbage-first heap   total 245760K, used 107376K [0x0000000700000000, 0x0000000800000000)
  region size 2048K, 4 young (8192K), 4 survivors (8192K)
 Metaspace       used 86551K, committed 88064K, reserved 1130496K
  class space    used 10798K, committed 11520K, reserved 1048576K
}
Event: 26651.268 GC heap before
{Heap before GC invocations=522 (full 34):
 garbage-first heap   total 245760K, used 156528K [0x0000000700000000, 0x0000000800000000)
  region size 2048K, 28 young (57344K), 4 survivors (8192K)
 Metaspace       used 88636K, committed 89920K, reserved 1130496K
  class space    used 11066K, committed 11712K, reserved 1048576K
}

Deoptimization events (20 events):
Event: 26413.059 Thread 0x000000002c2776c0 DEOPT PACKING pc=0x000000000ba88c29 sp=0x00000000363ba080
Event: 26413.059 Thread 0x000000002c2776c0 DEOPT UNPACKING pc=0x00000000116366e3 sp=0x00000000363b9530 mode 0
Event: 26413.061 Thread 0x000000002c2776c0 DEOPT PACKING pc=0x000000000ba88c29 sp=0x00000000363ba080
Event: 26413.061 Thread 0x000000002c2776c0 DEOPT UNPACKING pc=0x00000000116366e3 sp=0x00000000363b9530 mode 0
Event: 26415.873 Thread 0x000000002c278a00 DEOPT PACKING pc=0x000000000c6cd9cc sp=0x00000000393df310
Event: 26415.873 Thread 0x000000002c278a00 DEOPT UNPACKING pc=0x00000000116366e3 sp=0x00000000393de7c0 mode 0
Event: 26415.910 Thread 0x0000000029699a20 Uncommon trap: trap_request=0xffffffde fr.pc=0x00000000131289c4 relative=0x0000000000000124
Event: 26415.910 Thread 0x0000000029699a20 Uncommon trap: reason=class_check action=maybe_recompile pc=0x00000000131289c4 method=org.gradle.execution.plan.ValuedVfsHierarchy.visitValuesRelatedTo(Lorg/gradle/internal/snapshot/VfsRelativePath;Lorg/gradle/execution/plan/ValuedVfsHierarchy$ValueVisito
Event: 26415.910 Thread 0x0000000029699a20 DEOPT PACKING pc=0x00000000131289c4 sp=0x0000000036efea80
Event: 26415.910 Thread 0x0000000029699a20 DEOPT UNPACKING pc=0x0000000011635ba3 sp=0x0000000036efea20 mode 2
Event: 26415.954 Thread 0x000000002c2771f0 DEOPT PACKING pc=0x000000000c6d8655 sp=0x000000003974e360
Event: 26415.954 Thread 0x000000002c2771f0 DEOPT UNPACKING pc=0x00000000116366e3 sp=0x000000003974d800 mode 0
Event: 26417.641 Thread 0x000000002c278a00 DEOPT PACKING pc=0x000000000c50b67a sp=0x00000000393dee90
Event: 26417.641 Thread 0x000000002c278a00 DEOPT UNPACKING pc=0x00000000116366e3 sp=0x00000000393de5a0 mode 0
Event: 26417.917 Thread 0x000000002c277b90 DEOPT PACKING pc=0x000000000c50b67a sp=0x00000000392dee90
Event: 26417.917 Thread 0x000000002c277b90 DEOPT UNPACKING pc=0x00000000116366e3 sp=0x00000000392de5a0 mode 0
Event: 26419.291 Thread 0x000000002c2771f0 Uncommon trap: trap_request=0xffffffc6 fr.pc=0x0000000012694d20 relative=0x0000000000000c80
Event: 26419.291 Thread 0x000000002c2771f0 Uncommon trap: reason=bimorphic_or_optimized_type_check action=maybe_recompile pc=0x0000000012694d20 method=java.util.stream.StreamSpliterators$AbstractWrappingSpliterator.doAdvance()Z @ 37 c2
Event: 26419.291 Thread 0x000000002c2771f0 DEOPT PACKING pc=0x0000000012694d20 sp=0x000000003974e4e0
Event: 26419.291 Thread 0x000000002c2771f0 DEOPT UNPACKING pc=0x0000000011635ba3 sp=0x000000003974e3f0 mode 2

Classes unloaded (20 events):
Event: 26414.853 Thread 0x00000000250761f0 Unloading class 0x0000000801773048 'org/spongepowered/tools/obfuscation/interfaces/IMessagerEx$MessageType'
Event: 26414.853 Thread 0x00000000250761f0 Unloading class 0x0000000801772bf0 'org/spongepowered/tools/obfuscation/interfaces/IMixinAnnotationProcessor$CompilerEnvironment$2'
Event: 26414.853 Thread 0x00000000250761f0 Unloading class 0x0000000801772988 'org/spongepowered/tools/obfuscation/interfaces/IMixinAnnotationProcessor$CompilerEnvironment$1'
Event: 26414.853 Thread 0x00000000250761f0 Unloading class 0x0000000801772720 'org/spongepowered/tools/obfuscation/interfaces/IMixinAnnotationProcessor$CompilerEnvironment'
Event: 26414.853 Thread 0x00000000250761f0 Unloading class 0x0000000801772528 'org/spongepowered/tools/obfuscation/interfaces/IObfuscationManager'
Event: 26414.853 Thread 0x00000000250761f0 Unloading class 0x0000000801772290 'org/spongepowered/tools/obfuscation/mirror/TypeHandleSimulated'
Event: 26414.853 Thread 0x00000000250761f0 Unloading class 0x0000000801772000 'org/spongepowered/tools/obfuscation/mirror/TypeHandle'
Event: 26414.853 Thread 0x00000000250761f0 Unloading class 0x0000000801625bd0 'org/spongepowered/tools/obfuscation/AnnotatedMixins'
Event: 26414.853 Thread 0x00000000250761f0 Unloading class 0x00000008016259d8 'org/spongepowered/tools/obfuscation/interfaces/ITypeHandleProvider'
Event: 26414.853 Thread 0x00000000250761f0 Unloading class 0x00000008016257e0 'org/spongepowered/tools/obfuscation/interfaces/IMixinAnnotationProcessor'
Event: 26414.853 Thread 0x00000000250761f0 Unloading class 0x00000008016255e8 'org/spongepowered/tools/obfuscation/interfaces/IOptionProvider'
Event: 26414.853 Thread 0x00000000250761f0 Unloading class 0x00000008016253f0 'org/spongepowered/tools/obfuscation/interfaces/IMessagerSuppressible'
Event: 26414.853 Thread 0x00000000250761f0 Unloading class 0x00000008016251f8 'org/spongepowered/tools/obfuscation/interfaces/IMessagerEx'
Event: 26414.853 Thread 0x00000000250761f0 Unloading class 0x0000000801625000 'org/spongepowered/tools/obfuscation/interfaces/IJavadocProvider'
Event: 26414.853 Thread 0x00000000250761f0 Unloading class 0x000000080169ecb0 'org/spongepowered/asm/util/ITokenProvider'
Event: 26414.853 Thread 0x00000000250761f0 Unloading class 0x000000080169ea80 'org/apache/logging/log4j/core/config/plugins/processor/PluginCache'
Event: 26414.853 Thread 0x00000000250761f0 Unloading class 0x000000080169e800 'org/apache/logging/log4j/core/config/plugins/processor/PluginProcessor'
Event: 26414.853 Thread 0x00000000250761f0 Unloading class 0x0000000801707d20 'org/spongepowered/tools/obfuscation/MixinObfuscationProcessorTargets'
Event: 26414.853 Thread 0x00000000250761f0 Unloading class 0x0000000801707a90 'org/spongepowered/tools/obfuscation/MixinObfuscationProcessorInjection'
Event: 26414.853 Thread 0x00000000250761f0 Unloading class 0x0000000801707800 'org/spongepowered/tools/obfuscation/MixinObfuscationProcessor'

Classes redefined (0 events):
No events

Internal exceptions (20 events):
Event: 26650.156 Thread 0x0000000033d51d50 Exception <a 'sun/nio/fs/WindowsException'{0x000000070e3f9bc8}> (0x000000070e3f9bc8) 
thrown [s\open\src\hotspot\share\prims\jni.cpp, line 516]
Event: 26650.156 Thread 0x0000000033d51d50 Exception <a 'sun/nio/fs/WindowsException'{0x000000070e3fb568}> (0x000000070e3fb568) 
thrown [s\open\src\hotspot\share\prims\jni.cpp, line 516]
Event: 26650.157 Thread 0x0000000033d51d50 Exception <a 'sun/nio/fs/WindowsException'{0x000000070e3febe0}> (0x000000070e3febe0) 
thrown [s\open\src\hotspot\share\prims\jni.cpp, line 516]
Event: 26650.158 Thread 0x0000000033d51d50 Exception <a 'sun/nio/fs/WindowsException'{0x000000070da00958}> (0x000000070da00958) 
thrown [s\open\src\hotspot\share\prims\jni.cpp, line 516]
Event: 26650.159 Thread 0x0000000033d51d50 Exception <a 'sun/nio/fs/WindowsException'{0x000000070da04050}> (0x000000070da04050) 
thrown [s\open\src\hotspot\share\prims\jni.cpp, line 516]
Event: 26650.159 Thread 0x0000000033d51d50 Exception <a 'sun/nio/fs/WindowsException'{0x000000070da057e8}> (0x000000070da057e8) 
thrown [s\open\src\hotspot\share\prims\jni.cpp, line 516]
Event: 26650.164 Thread 0x0000000033d51d50 Exception <a 'sun/nio/fs/WindowsException'{0x000000070da08eb8}> (0x000000070da08eb8) 
thrown [s\open\src\hotspot\share\prims\jni.cpp, line 516]
Event: 26650.164 Thread 0x0000000033d51d50 Exception <a 'sun/nio/fs/WindowsException'{0x000000070da0a648}> (0x000000070da0a648) 
thrown [s\open\src\hotspot\share\prims\jni.cpp, line 516]
Event: 26650.166 Thread 0x0000000033d51d50 Exception <a 'sun/nio/fs/WindowsException'{0x000000070da0dcf8}> (0x000000070da0dcf8) 
thrown [s\open\src\hotspot\share\prims\jni.cpp, line 516]
Event: 26650.167 Thread 0x0000000033d51d50 Exception <a 'sun/nio/fs/WindowsException'{0x000000070da0f488}> (0x000000070da0f488) 
thrown [s\open\src\hotspot\share\prims\jni.cpp, line 516]
Event: 26650.168 Thread 0x0000000033d51d50 Exception <a 'sun/nio/fs/WindowsException'{0x000000070da12d00}> (0x000000070da12d00) 
thrown [s\open\src\hotspot\share\prims\jni.cpp, line 516]
Event: 26650.169 Thread 0x0000000033d51d50 Exception <a 'sun/nio/fs/WindowsException'{0x000000070da14458}> (0x000000070da14458) 
thrown [s\open\src\hotspot\share\prims\jni.cpp, line 516]
Event: 26650.170 Thread 0x0000000033d51d50 Exception <a 'sun/nio/fs/WindowsException'{0x000000070da17ab0}> (0x000000070da17ab0) 
thrown [s\open\src\hotspot\share\prims\jni.cpp, line 516]
Event: 26650.170 Thread 0x0000000033d51d50 Exception <a 'sun/nio/fs/WindowsException'{0x000000070da19218}> (0x000000070da19218) 
thrown [s\open\src\hotspot\share\prims\jni.cpp, line 516]
Event: 26650.172 Thread 0x0000000033d51d50 Exception <a 'sun/nio/fs/WindowsException'{0x000000070da1c860}> (0x000000070da1c860) 
thrown [s\open\src\hotspot\share\prims\jni.cpp, line 516]
Event: 26650.172 Thread 0x0000000033d51d50 Exception <a 'sun/nio/fs/WindowsException'{0x000000070da1dfb8}> (0x000000070da1dfb8) 
thrown [s\open\src\hotspot\share\prims\jni.cpp, line 516]
Event: 26650.173 Thread 0x0000000033d51d50 Exception <a 'sun/nio/fs/WindowsException'{0x000000070da21630}> (0x000000070da21630) 
thrown [s\open\src\hotspot\share\prims\jni.cpp, line 516]
Event: 26650.174 Thread 0x0000000033d51d50 Exception <a 'sun/nio/fs/WindowsException'{0x000000070da27ac0}> (0x000000070da27ac0) 
thrown [s\open\src\hotspot\share\prims\jni.cpp, line 516]
Event: 26651.067 Thread 0x0000000033d51d50 Exception <a 'sun/nio/fs/WindowsException'{0x000000070dafca70}> (0x000000070dafca70) 
thrown [s\open\src\hotspot\share\prims\jni.cpp, line 516]
Event: 26651.067 Thread 0x0000000033d51d50 Exception <a 'sun/nio/fs/WindowsException'{0x000000070dafcbc0}> (0x000000070dafcbc0) 
thrown [s\open\src\hotspot\share\prims\jni.cpp, line 516]

VM Operations (20 events):
Event: 26649.069 Executing VM operation: G1TryInitiateConcMark done
Event: 26649.231 Executing VM operation: G1Concurrent
Event: 26649.243 Executing VM operation: G1Concurrent done
Event: 26649.307 Executing VM operation: G1Concurrent
Event: 26649.307 Executing VM operation: G1Concurrent done
Event: 26649.635 Executing VM operation: G1TryInitiateConcMark
Event: 26649.650 Executing VM operation: G1TryInitiateConcMark done
Event: 26649.816 Executing VM operation: G1Concurrent
Event: 26649.827 Executing VM operation: G1Concurrent done
Event: 26649.892 Executing VM operation: G1Concurrent
Event: 26649.892 Executing VM operation: G1Concurrent done
Event: 26650.039 Executing VM operation: G1TryInitiateConcMark
Event: 26650.054 Executing VM operation: G1TryInitiateConcMark done
Event: 26650.231 Executing VM operation: G1Concurrent
Event: 26650.249 Executing VM operation: G1Concurrent done
Event: 26650.324 Executing VM operation: G1Concurrent
Event: 26650.324 Executing VM operation: G1Concurrent done
Event: 26650.436 Executing VM operation: G1CollectForAllocation
Event: 26650.469 Executing VM operation: G1CollectForAllocation done
Event: 26651.268 Executing VM operation: G1CollectForAllocation

Events (20 events):
Event: 26645.797 Thread 0x0000000033d513b0 Thread exited: 0x0000000033d513b0
Event: 26645.797 Thread 0x0000000033d53a30 Thread exited: 0x0000000033d53a30
Event: 26645.875 Thread 0x00000000337e14b0 Thread added: 0x00000000337e14b0
Event: 26646.068 Thread 0x00000000337ddfc0 Thread added: 0x00000000337ddfc0
Event: 26646.068 Thread 0x00000000337dcc80 Thread added: 0x00000000337dcc80
Event: 26646.069 Thread 0x00000000337dd150 Thread added: 0x00000000337dd150
Event: 26646.069 Thread 0x00000000337dc7b0 Thread added: 0x00000000337dc7b0
Event: 26646.069 Thread 0x00000000337ddaf0 Thread added: 0x00000000337ddaf0
Event: 26646.069 Thread 0x00000000337e0170 Thread added: 0x00000000337e0170
Event: 26646.070 Thread 0x00000000337e1980 Thread added: 0x00000000337e1980
Event: 26647.827 Thread 0x0000000037ba2ac0 Thread added: 0x0000000037ba2ac0
Event: 26647.860 Thread 0x0000000033d51d50 Thread added: 0x0000000033d51d50
Event: 26647.867 Thread 0x000000002c3c6210 Thread added: 0x000000002c3c6210
Event: 26647.867 Thread 0x000000002c3c4060 Thread added: 0x000000002c3c4060
Event: 26647.867 Thread 0x000000002c3c66e0 Thread added: 0x000000002c3c66e0
Event: 26647.876 Thread 0x00000000337dafa0 Thread added: 0x00000000337dafa0
Event: 26648.204 Thread 0x00000000337e1e50 Thread added: 0x00000000337e1e50
Event: 26648.205 Thread 0x00000000337daad0 Thread added: 0x00000000337daad0
Event: 26648.205 Thread 0x000000002d588e20 Thread added: 0x000000002d588e20
Event: 26648.206 Thread 0x000000002d584f90 Thread added: 0x000000002d584f90


Dynamic libraries:
0x00007ff777290000 - 0x00007ff7772a0000 	C:\Program Files\Java\jdk-17\bin\java.exe
0x00007ffe715c0000 - 0x00007ffe717c9000 	C:\windows\SYSTEM32\ntdll.dll
0x00007ffe6ff30000 - 0x00007ffe6ffed000 	C:\windows\System32\KERNEL32.DLL
0x00007ffe6ee80000 - 0x00007ffe6f1f4000 	C:\windows\System32\KERNELBASE.dll
0x00007ffe6eb50000 - 0x00007ffe6ec61000 	C:\windows\System32\ucrtbase.dll
0x00007ffe69040000 - 0x00007ffe69058000 	C:\Program Files\Java\jdk-17\bin\jli.dll
0x00007ffe71320000 - 0x00007ffe713ce000 	C:\windows\System32\ADVAPI32.dll
0x00007ffe6fad0000 - 0x00007ffe6fb73000 	C:\windows\System32\msvcrt.dll
0x00007ffe71280000 - 0x00007ffe7131e000 	C:\windows\System32\sechost.dll
0x00007ffe70ca0000 - 0x00007ffe70dc0000 	C:\windows\System32\RPCRT4.dll
0x00007ffe6fbe0000 - 0x00007ffe6fd8c000 	C:\windows\System32\USER32.dll
0x00007ffe6ec70000 - 0x00007ffe6ec96000 	C:\windows\System32\win32u.dll
0x00007ffe6ff00000 - 0x00007ffe6ff29000 	C:\windows\System32\GDI32.dll
0x00007ffe6f200000 - 0x00007ffe6f312000 	C:\windows\System32\gdi32full.dll
0x00007ffe6eab0000 - 0x00007ffe6eb4d000 	C:\windows\System32\msvcp_win.dll
0x00007ffe64300000 - 0x00007ffe6431b000 	C:\Program Files\Java\jdk-17\bin\VCRUNTIME140.dll
0x00007ffe590c0000 - 0x00007ffe59365000 	C:\windows\WinSxS\amd64_microsoft.windows.common-controls_6595b64144ccf1df_6.0.22000.120_none_9d947278b86cc467\COMCTL32.dll
0x00007ffe614f0000 - 0x00007ffe614fa000 	C:\windows\SYSTEM32\VERSION.dll
0x00007ffe71240000 - 0x00007ffe71271000 	C:\windows\System32\IMM32.DLL
0x00007ffe642f0000 - 0x00007ffe642fc000 	C:\Program Files\Java\jdk-17\bin\vcruntime140_1.dll
0x00007ffe54bf0000 - 0x00007ffe54c7e000 	C:\Program Files\Java\jdk-17\bin\msvcp140.dll
0x00007ffe226f0000 - 0x00007ffe232c7000 	C:\Program Files\Java\jdk-17\bin\server\jvm.dll
0x00007ffe70dc0000 - 0x00007ffe70dc8000 	C:\windows\System32\PSAPI.DLL
0x00007ffe508d0000 - 0x00007ffe508d9000 	C:\windows\SYSTEM32\WSOCK32.dll
0x00007ffe6f470000 - 0x00007ffe6f4df000 	C:\windows\System32\WS2_32.dll
0x00007ffe627a0000 - 0x00007ffe627d3000 	C:\windows\SYSTEM32\WINMM.dll
0x00007ffe6dca0000 - 0x00007ffe6dcb8000 	C:\windows\SYSTEM32\kernel.appcore.dll
0x00007ffe57a70000 - 0x00007ffe57a7a000 	C:\Program Files\Java\jdk-17\bin\jimage.dll
0x00007ffe6c320000 - 0x00007ffe6c541000 	C:\windows\SYSTEM32\DBGHELP.DLL
0x00007ffe51880000 - 0x00007ffe518b1000 	C:\windows\SYSTEM32\dbgcore.DLL
0x00007ffe6f3e0000 - 0x00007ffe6f45f000 	C:\windows\System32\bcryptPrimitives.dll
0x00007ffe54b80000 - 0x00007ffe54ba5000 	C:\Program Files\Java\jdk-17\bin\java.dll
0x00007ffe54870000 - 0x00007ffe54947000 	C:\Program Files\Java\jdk-17\bin\jsvml.dll
0x00007ffe70130000 - 0x00007ffe708de000 	C:\windows\System32\SHELL32.dll
0x00007ffe6cbf0000 - 0x00007ffe6d457000 	C:\windows\SYSTEM32\windows.storage.dll
0x00007ffe6f4e0000 - 0x00007ffe6f858000 	C:\windows\System32\combase.dll
0x00007ffe6ca80000 - 0x00007ffe6cbe6000 	C:\windows\SYSTEM32\wintypes.dll
0x00007ffe6f9e0000 - 0x00007ffe6faca000 	C:\windows\System32\SHCORE.dll
0x00007ffe6f890000 - 0x00007ffe6f8ed000 	C:\windows\System32\shlwapi.dll
0x00007ffe6e9e0000 - 0x00007ffe6ea01000 	C:\windows\SYSTEM32\profapi.dll
0x00007ffe57a50000 - 0x00007ffe57a69000 	C:\Program Files\Java\jdk-17\bin\net.dll
0x00007ffe62fa0000 - 0x00007ffe630ac000 	C:\windows\SYSTEM32\WINHTTP.dll
0x00007ffe6e0d0000 - 0x00007ffe6e137000 	C:\windows\system32\mswsock.dll
0x00007ffe54850000 - 0x00007ffe54866000 	C:\Program Files\Java\jdk-17\bin\nio.dll
0x00007ffe54830000 - 0x00007ffe54848000 	C:\Program Files\Java\jdk-17\bin\zip.dll
0x00007ffe519f0000 - 0x00007ffe51a00000 	C:\Program Files\Java\jdk-17\bin\verify.dll
0x00007ffe68f80000 - 0x00007ffe68fa7000 	D:\gradle-7.4.2\native\68d5fa5c4cc2d200863cafc0d521ce42e7d3e7ee720ec0a83991735586a16f82\windows-amd64\native-platform.dll
0x00007ffe225a0000 - 0x00007ffe226e4000 	D:\gradle-7.4.2\native\e376f236ea51e6404a007f0833ffe2c6e607c4080706a723a18a27aeea778392\windows-amd64\native-platform-file-events.dll
0x00007ffe50df0000 - 0x00007ffe50dfa000 	C:\Program Files\Java\jdk-17\bin\management.dll
0x00007ffe50de0000 - 0x00007ffe50deb000 	C:\Program Files\Java\jdk-17\bin\management_ext.dll
0x00007ffe6e310000 - 0x00007ffe6e328000 	C:\windows\SYSTEM32\CRYPTSP.dll
0x00007ffe6dc00000 - 0x00007ffe6dc35000 	C:\windows\system32\rsaenh.dll
0x00007ffe6e1c0000 - 0x00007ffe6e1e9000 	C:\windows\SYSTEM32\USERENV.dll
0x00007ffe6e490000 - 0x00007ffe6e4b7000 	C:\windows\SYSTEM32\bcrypt.dll
0x00007ffe6e330000 - 0x00007ffe6e33c000 	C:\windows\SYSTEM32\CRYPTBASE.dll
0x00007ffe6d7a0000 - 0x00007ffe6d7cd000 	C:\windows\SYSTEM32\IPHLPAPI.DLL
0x00007ffe6f860000 - 0x00007ffe6f869000 	C:\windows\System32\NSI.dll
0x00007ffe629d0000 - 0x00007ffe629e9000 	C:\windows\SYSTEM32\dhcpcsvc6.DLL
0x00007ffe62f00000 - 0x00007ffe62f1e000 	C:\windows\SYSTEM32\dhcpcsvc.DLL
0x00007ffe6d7d0000 - 0x00007ffe6d8b7000 	C:\windows\SYSTEM32\DNSAPI.dll
0x00007ffe503e0000 - 0x00007ffe503ed000 	C:\Program Files\Java\jdk-17\bin\sunmscapi.dll
0x00007ffe6ed10000 - 0x00007ffe6ee72000 	C:\windows\System32\CRYPT32.dll
0x00007ffe6e460000 - 0x00007ffe6e488000 	C:\windows\SYSTEM32\ncrypt.dll
0x00007ffe6e420000 - 0x00007ffe6e457000 	C:\windows\SYSTEM32\NTASN1.dll
0x00007ffe62ea0000 - 0x00007ffe62ea8000 	C:\windows\system32\wshunix.dll
0x00007ffe6b5e0000 - 0x00007ffe6b614000 	C:\windows\SYSTEM32\ntmarta.dll

dbghelp: loaded successfully - version: 4.0.5 - missing functions: none
symbol engine: initialized successfully - sym options: 0x614 - pdb path: .;C:\Program Files\Java\jdk-17\bin;C:\windows\SYSTEM32;C:\windows\WinSxS\amd64_microsoft.windows.common-controls_6595b64144ccf1df_6.0.22000.120_none_9d947278b86cc467;C:\Program Files\Java\jdk-17\bin\server;D:\gradle-7.4.2\native\68d5fa5c4cc2d200863cafc0d521ce42e7d3e7ee720ec0a83991735586a16f82\windows-amd64;D:\gradle-7.4.2\native\e376f236ea51e6404a007f0833ffe2c6e607c4080706a723a18a27aeea778392\windows-amd64

VM Arguments:
jvm_args: --add-opens=java.base/java.util=ALL-UNNAMED --add-opens=java.base/java.lang=ALL-UNNAMED --add-opens=java.base/java.lang.invoke=ALL-UNNAMED --add-opens=java.prefs/java.util.prefs=ALL-UNNAMED --add-opens=java.base/java.nio.charset=ALL-UNNAMED --add-opens=java.base/java.net=ALL-UNNAMED --add-opens=java.base/java.util.concurrent.atomic=ALL-UNNAMED -Xmx4G -Dfile.encoding=GBK -Duser.country=CN -Duser.language=zh -Duser.variant 
java_command: org.gradle.launcher.daemon.bootstrap.GradleDaemon 8.0.1
java_class_path (initial): D:\gradle-7.4.2\wrapper\dists\gradle-8.0.1-bin\7rsvvmdp4bsd5fhm7a9cyrnzz\gradle-8.0.1\lib\gradle-launcher-8.0.1.jar
Launcher Type: SUN_STANDARD

[Global flags]
     intx CICompilerCount                          = 3                                         {product} {ergonomic}
     uint ConcGCThreads                            = 1                                         {product} {ergonomic}
     uint G1ConcRefinementThreads                  = 4                                         {product} {ergonomic}
   size_t G1HeapRegionSize                         = 2097152                                   {product} {ergonomic}
    uintx GCDrainStackTargetSize                   = 64                                        {product} {ergonomic}
   size_t InitialHeapSize                          = 130023424                                 {product} {ergonomic}
   size_t MarkStackSize                            = 4194304                                   {product} {ergonomic}
   size_t MaxHeapSize                              = 4294967296                                {product} {command line}
   size_t MaxNewSize                               = 2575302656                                {product} {ergonomic}
   size_t MinHeapDeltaBytes                        = 2097152                                   {product} {ergonomic}
   size_t MinHeapSize                              = 8388608                                   {product} {ergonomic}
    uintx NonNMethodCodeHeapSize                   = 5832780                                {pd product} {ergonomic}
    uintx NonProfiledCodeHeapSize                  = 122912730                              {pd product} {ergonomic}
    uintx ProfiledCodeHeapSize                     = 122912730                              {pd product} {ergonomic}
    uintx ReservedCodeCacheSize                    = 251658240                              {pd product} {ergonomic}
     bool SegmentedCodeCache                       = true                                      {product} {ergonomic}
   size_t SoftMaxHeapSize                          = 4294967296                             {manageable} {ergonomic}
     bool UseCompressedClassPointers               = true                           {product lp64_product} {ergonomic}
     bool UseCompressedOops                        = true                           {product lp64_product} {ergonomic}
     bool UseG1GC                                  = true                                      {product} {ergonomic}
     bool UseLargePagesIndividualAllocation        = false                                  {pd product} {ergonomic}

Logging:
Log output configuration:
 #0: stdout all=warning uptime,level,tags
 #1: stderr all=off uptime,level,tags

Environment Variables:
CLASSPATH=.;%JAVA_HOME%\lib\dt.jar;%JAVA_HOME%\lib\tools.jar;
PATH=D:\VMware\bin\;C:\Program Files\Common Files\Oracle\Java\javapath;c:\program files (x86)\common files\oracle\java\javapath;C:\windows\system32;C:\windows;C:\windows\system32\wbem;C:\windows\system32\windowspowershell\v1.0\;C:\windows\system32\openssh\;c:\program files\java\jdk1.8.0_311\bin;d:\adb\platform-tools;D:\matlab\bin\win32;D:\gradle-7.4.2\bin;C:\Program Files\dotnet\;D:\anaconda3;D:\anaconda3\Scripts\;D:\anaconda3\Library\bin;D:\anaconda3\Library\mingw-w64\bin;D:\Minecraft\;C:\Users\HP1\AppData\Local\Microsoft\WindowsApps;D:\mcserver\chuantou\;D:\anaconda3;D:\anaconda3\Scripts\;D:\anaconda3\Library\bin;D:\anaconda3\Library\mingw-w64\bin;C:\Program Files\kotlinc\bin;C:\Users\HP1\AppData\Local\GitHubDesktop\bin
USERNAME=KijinSeija
OS=Windows_NT
PROCESSOR_IDENTIFIER=Intel64 Family 6 Model 140 Stepping 1, GenuineIntel



---------------  S Y S T E M  ---------------

OS:
 Windows 11 , 64 bit Build 22000 (10.0.22000.434)
OS uptime: 0 days 9:44 hours

CPU: total 4 (initial active 4) (2 cores per cpu, 2 threads per core) family 6 model 140 stepping 1 microcode 0x8a, cx8, cmov, fxsr, ht, mmx, 3dnowpref, sse, sse2, sse3, ssse3, sse4.1, sse4.2, popcnt, lzcnt, tsc, tscinvbit, avx, avx2, aes, erms, clmul, bmi1, bmi2, adx, avx512f, avx512dq, avx512cd, avx512bw, avx512vl, sha, fma, vzeroupper, avx512_vpopcntdq, avx512_vpclmulqdq, avx512_vaes, avx512_vnni, clflush, clflushopt, clwb, avx512_vbmi2, avx512_vbmi

Memory: 4k page, system-wide physical 7834M (368M free)
TotalPageFile size 19494M (AvailPageFile size 34M)
current process WorkingSet (physical memory assigned to process): 411M, peak: 1896M
current process commit charge ("private bytes"): 599M, peak: 3091M

vm_info: Java HotSpot(TM) 64-Bit Server VM (17.0.6+9-LTS-190) for windows-amd64 JRE (17.0.6+9-LTS-190), built on Dec  6 2022 15:53:54 by "mach5one" with MS VC++ 17.1 (VS2022)

END.
